// Jest Snapshot v1, https://goo.gl/fbAQLP

exports[`flickr.test.login 1`] = `
Object {
  "stat": "ok",
  "user": Object {
    "id": "148575064@N08",
    "username": Object {
      "_content": "Aaron Planell LÃ³pez",
    },
  },
}
`;
