// Jest Snapshot v1, https://goo.gl/fbAQLP

exports[`flickr.people.getUploadStatus 1`] = `
Object {
  "stat": "ok",
  "user": Object {
    "bandwidth": Object {
      "max": 2147483648,
      "maxbytes": 214748364800,
      "maxkb": 209715200,
      "remainingbytes": 214748364800,
      "remainingkb": 209715200,
      "unlimited": 1,
      "used": 0,
      "usedbytes": 0,
      "usedkb": 0,
    },
    "filesize": Object {
      "max": 209715200,
      "maxbytes": 209715200,
      "maxkb": 204800,
      "maxmb": 200,
    },
    "id": "148575064@N08",
    "ispro": 0,
    "sets": Object {
      "created": 1,
      "remaining": "lots",
    },
    "username": Object {
      "_content": "Aaron Planell LÃ³pez",
    },
    "videos": Object {
      "remaining": "lots",
      "uploaded": 0,
    },
    "videosize": Object {
      "maxbytes": 1073741824,
      "maxkb": 1048576,
      "maxmb": 1024,
    },
  },
}
`;
