// Jest Snapshot v1, https://goo.gl/fbAQLP

exports[`flickr.urls.getUserPhotos 1`] = `
Object {
  "stat": "ok",
  "user": Object {
    "nsid": "148575064@N08",
    "url": "https://www.flickr.com/photos/148575064@N08/",
  },
}
`;
