// Jest Snapshot v1, https://goo.gl/fbAQLP

exports[`flickr.groups.pools.getGroups 1`] = `
Object {
  "groups": Object {
    "page": 1,
    "pages": 0,
    "per_page": 400,
    "total": 0,
  },
  "stat": "ok",
}
`;
