// Jest Snapshot v1, https://goo.gl/fbAQLP

exports[`flickr.photos.getContactsPhotos 1`] = `
Object {
  "photos": Object {
    "page": 1,
    "pages": 1,
    "per_page": 10,
    "photo": Array [],
    "total": 0,
  },
  "stat": "ok",
}
`;
