// Jest Snapshot v1, https://goo.gl/fbAQLP

exports[`flickr.people.getLimits 1`] = `
Object {
  "person": Object {
    "nsid": "148575064@N08",
    "photos": Object {
      "maxdisplaypx": 1024,
      "maxupload": 209715200,
    },
    "videos": Object {
      "maxduration": 180,
      "maxupload": 1073741824,
    },
  },
  "stat": "ok",
}
`;
