// Jest Snapshot v1, https://goo.gl/fbAQLP

exports[`flickr.prefs.getHidden 1`] = `
Object {
  "person": Object {
    "hidden": 1,
    "nsid": "148575064@N08",
  },
  "stat": "ok",
}
`;
