// Jest Snapshot v1, https://goo.gl/fbAQLP

exports[`flickr.tags.getListUser 1`] = `
Object {
  "stat": "ok",
  "who": Object {
    "id": "148575064@N08",
    "tags": Object {
      "tag": Array [],
    },
  },
}
`;
