// Jest Snapshot v1, https://goo.gl/fbAQLP

exports[`flickr.prefs.getPrivacy 1`] = `
Object {
  "person": Object {
    "nsid": "148575064@N08",
    "privacy": 1,
  },
  "stat": "ok",
}
`;
