// Jest Snapshot v1, https://goo.gl/fbAQLP

exports[`flickr.activity.userComments 1`] = `
Object {
  "items": Object {
    "item": Array [],
    "page": 1,
    "pages": 0,
    "perpage": 10,
    "total": 0,
  },
  "stat": "ok",
}
`;
