// Jest Snapshot v1, https://goo.gl/fbAQLP

exports[`flickr.test.null 1`] = `
Object {
  "stat": "ok",
}
`;
