// Jest Snapshot v1, https://goo.gl/fbAQLP

exports[`flickr.push.getSubscriptions 1`] = `
Object {
  "stat": "ok",
  "subscriptions": Object {
    "subscription": Array [],
  },
}
`;
