// Jest Snapshot v1, https://goo.gl/fbAQLP

exports[`flickr.photos.getPopular 1`] = `
Object {
  "photos": Object {
    "page": 1,
    "pages": 0,
    "perpage": 100,
    "photo": Array [],
    "total": 0,
  },
  "stat": "ok",
}
`;
