// Jest Snapshot v1, https://goo.gl/fbAQLP

exports[`flickr.prefs.getGeoPerms 1`] = `
Object {
  "person": Object {
    "geoperms": 0,
    "importgeoexif": 1,
    "nsid": "148575064@N08",
  },
  "stat": "ok",
}
`;
